// Jest Snapshot v1, https://goo.gl/fbAQLP

exports[`render PlayButton correct 1`] = `[Function]`;
