// Jest Snapshot v1, https://goo.gl/fbAQLP

exports[`render NextButton correct 1`] = `[Function]`;
