// Jest Snapshot v1, https://goo.gl/fbAQLP

exports[`renders ShuffleButton correctly 1`] = `
<DocumentFragment>
  <button
    class="shuffle_button"
    currentitem="false"
    data-for="shuffle"
    data-tip=""
  >
    <svg
      class="svg_shuffle"
      viewBox="0 0 12 12"
    >
      <path
        d="M9.333 9.214h-.666C6.826 9.214 5.333 7.775 5.333 6c0-1.066-.894-1.929-2-1.929H.683C.298 4.071 0 3.784 0 3.43c0-.356.298-.643.667-.729.137 0 2.65.01 2.666 0 1.841.086 3.334 1.525 3.334 3.3 0 1.065.896 1.929 2 1.929h3c.185 0 .333.143.333.321v.321L9.333 10.5V9.214zm-.666-5.143c-.367 0-.708.103-1.004.27a4.497 4.497 0 0 0-.672-1.104c.493-.28 1.062-.451 1.709-.537.013.03.51 0 .6 0V1.5L12 3.429v.321a.327.327 0 0 1-.333.321h-3zM3.333 7.93c.369 0 .709-.103 1.004-.27.168.404.4.767.672 1.104-.493.28-1.062.451-1.676.537-.018-.011-2.435 0-2.666 0C.298 9.214 0 8.927 0 8.571c0-.355.298-.642.667-.642h2.666z"
      />
    </svg>
  </button>
  <div
    class="__react_component_tooltip t3e5afe0b-daea-4cc7-a396-2bd70839dcea place-top type-dark"
    data-id="tooltip"
    id="shuffle"
  >
    <style>
      
  	.t3e5afe0b-daea-4cc7-a396-2bd70839dcea {
	    color: #fff;
	    background: #222;
	    border: 1px solid transparent;
  	}

  	.t3e5afe0b-daea-4cc7-a396-2bd70839dcea.place-top {
        margin-top: -10px;
    }
    .t3e5afe0b-daea-4cc7-a396-2bd70839dcea.place-top::before {
        border-top: 8px solid transparent;
    }
    .t3e5afe0b-daea-4cc7-a396-2bd70839dcea.place-top::after {
        border-left: 8px solid transparent;
        border-right: 8px solid transparent;
        bottom: -6px;
        left: 50%;
        margin-left: -8px;
        border-top-color: #222;
        border-top-style: solid;
        border-top-width: 6px;
    }

    .t3e5afe0b-daea-4cc7-a396-2bd70839dcea.place-bottom {
        margin-top: 10px;
    }
    .t3e5afe0b-daea-4cc7-a396-2bd70839dcea.place-bottom::before {
        border-bottom: 8px solid transparent;
    }
    .t3e5afe0b-daea-4cc7-a396-2bd70839dcea.place-bottom::after {
        border-left: 8px solid transparent;
        border-right: 8px solid transparent;
        top: -6px;
        left: 50%;
        margin-left: -8px;
        border-bottom-color: #222;
        border-bottom-style: solid;
        border-bottom-width: 6px;
    }

    .t3e5afe0b-daea-4cc7-a396-2bd70839dcea.place-left {
        margin-left: -10px;
    }
    .t3e5afe0b-daea-4cc7-a396-2bd70839dcea.place-left::before {
        border-left: 8px solid transparent;
    }
    .t3e5afe0b-daea-4cc7-a396-2bd70839dcea.place-left::after {
        border-top: 5px solid transparent;
        border-bottom: 5px solid transparent;
        right: -6px;
        top: 50%;
        margin-top: -4px;
        border-left-color: #222;
        border-left-style: solid;
        border-left-width: 6px;
    }

    .t3e5afe0b-daea-4cc7-a396-2bd70839dcea.place-right {
        margin-left: 10px;
    }
    .t3e5afe0b-daea-4cc7-a396-2bd70839dcea.place-right::before {
        border-right: 8px solid transparent;
    }
    .t3e5afe0b-daea-4cc7-a396-2bd70839dcea.place-right::after {
        border-top: 5px solid transparent;
        border-bottom: 5px solid transparent;
        left: -6px;
        top: 50%;
        margin-top: -4px;
        border-right-color: #222;
        border-right-style: solid;
        border-right-width: 6px;
    }
  
    </style>
    <span
      class="shuffle_tooltip"
    >
      Turn on Shuffle
    </span>
  </div>
</DocumentFragment>
`;
