// Jest Snapshot v1, https://goo.gl/fbAQLP

exports[`renders VolumeBar correctly 1`] = `
<DocumentFragment>
  <div
    class="input_check"
  >
    <input
      max="10"
      min="0"
      step="1"
      type="range"
      value="5"
    />
  </div>
</DocumentFragment>
`;
