// Jest Snapshot v1, https://goo.gl/fbAQLP

exports[`render PrevButton correct 1`] = `[Function]`;
